{
  "$type": "Fools.cs.Api.TestRun+ViewModel, Fools.cs"
}