Should fail

/** Declarations **/
[]

/** Errors **/
[
  {
    "$type": "Fools.cs.ParseToAst.ErrorReport, Fools.cs",
    "file_name": "fake file name.fool",
    "line": 1,
    "error_type": "Unrecognized declaration",
    "expected": null,
    "actual": null,
    "snippet": "frazzle:",
    "suggestion": "I could not figure out this declaration. Is it a non-declaration statement? Recall that the top level of a Fools file is only allowed to contain declarations."
  },
  {
    "$type": "Fools.cs.ParseToAst.ErrorReport, Fools.cs",
    "file_name": "fake file name.fool",
    "line": 1,
    "error_type": "No declarations found",
    "expected": null,
    "actual": null,
    "snippet": null,
    "suggestion": "I could not find any declarations in this file. Please remove it from the build."
  },
  {
    "$type": "Fools.cs.ParseToAst.ErrorReport, Fools.cs",
    "file_name": "fake file name.fool",
    "line": 1,
    "error_type": "Failed to parse 'program'.",
    "expected": null,
    "actual": null,
    "snippet": null,
    "suggestion": "Hopefully I also gave you some more specific error messages. Try fixing those first."
  }
]
