Should fail

/** Declarations **/
[]

/** Errors **/
[
  {
    "$type": "Fools.cs.ParseToAst.ErrorReport, Fools.cs",
    "file_name": "fake file name.fool",
    "line": 3,
    "error_type": "Inconsistent indentation",
    "expected": 1,
    "actual": 2,
    "snippet": "\t\ta = b",
    "suggestion": "Doublecheck the amount of indentation on this line and on the previous line. The most common cause of this error is accidentally de-indenting a line, which will cause the next indented line to fail."
  },
  {
    "$type": "Fools.cs.ParseToAst.ErrorReport, Fools.cs",
    "file_name": "fake file name.fool",
    "line": 3,
    "error_type": "Unrecognized declaration",
    "expected": null,
    "actual": null,
    "snippet": "\t\ta = b",
    "suggestion": "I could not figure out this declaration. Is it a non-declaration statement? Recall that the top level of a Fools file is only allowed to contain declarations."
  },
  {
    "$type": "Fools.cs.ParseToAst.ErrorReport, Fools.cs",
    "file_name": "fake file name.fool",
    "line": 1,
    "error_type": "Failed to parse 'program'.",
    "expected": null,
    "actual": null,
    "snippet": null,
    "suggestion": "Hopefully I also gave you some more specific error messages. Try fixing those first."
  }
]
